// Test-Datei für Shark Chat
// Hier wird der Text von der Website eingefügt werden
